Router(config-if)#ip add
Router(config-if)#ip address 10.10.7.1 255.255.255.0
Router(config-if)#interf Fast 0/1
Router(config-if)#ip address 10.10.5.2 255.255.255.0
Router(config-if)#exit
Router(config)#ip routing
Router(config)#ip route 10.10.6.0 255.255.255.0 10.10.5.1
Router(config)#exit




Router#show ip add
Router#show ip add
                 ^
% Invalid input detected at '^' marker.

Router#show in    
Router#show int
Router#show interfaces 
Router#show interfaces 
Router#show interfaces 
FastEthernet0/0 is up, line protocol is up 
  Hardware is MV96340 Ethernet, address is 0015.f9f6.e7e8 (bia 0015.f9f6.e7e8)
  Internet address is 10.10.7.1/24
  MTU 1500 bytes, BW 10000 Kbit/sec, DLY 1000 usec, 
     reliability 255/255, txload 1/255, rxload 1/255
  Encapsulation ARPA, loopback not set
  Keepalive set (10 sec)
  Half-duplex, 10Mb/s, 100BaseTX/FX
  ARP type: ARPA, ARP Timeout 04:00:00
  Last input 00:00:40, output 00:00:07, output hang never
  Last clearing of "show interface" counters never
  Input queue: 0/75/0/0 (size/max/drops/flushes); Total output drops: 0
  Queueing strategy: fifo
  Output queue: 0/40 (size/max)
  5 minute input rate 0 bits/sec, 0 packets/sec
  5 minute output rate 0 bits/sec, 0 packets/sec
     1 packets input, 355 bytes
     Received 1 broadcasts, 0 runts, 0 giants, 0 throttles
     0 input errors, 0 CRC, 0 frame, 0 overrun, 0 ignored
     0 watchdog
     0 input packets with dribble condition detected
     21 packets output, 1849 bytes, 0 underruns
     0 output errors, 0 collisions, 1 interface resets
     0 unknown protocol drops
     0 babbles, 0 late collision, 0 deferred
     0 lost carrier, 0 no carrier
     0 output buffer failures, 0 output buffers swapped out
FastEthernet0/1 is up, line protocol is down 
  Hardware is MV96340 Ethernet, address is 0015.f9f6.e7e9 (bia 0015.f9f6.e7e9)
  Internet address is 10.10.5.2/24
  MTU 1500 bytes, BW 100000 Kbit/sec, DLY 100 usec, 
     reliability 255/255, txload 1/255, rxload 1/255
  Encapsulation ARPA, loopback not set
  Keepalive set (10 sec)
  Auto-duplex, Auto Speed, 100BaseTX/FX
  ARP type: ARPA, ARP Timeout 04:00:00
  Last input never, output 00:00:00, output hang never
  Last clearing of "show interface" counters never
  Input queue: 0/75/0/0 (size/max/drops/flushes); Total output drops: 0
  Queueing strategy: fifo
  Output queue: 0/40 (size/max)
  5 minute input rate 0 bits/sec, 0 packets/sec
  5 minute output rate 0 bits/sec, 0 packets/sec
     0 packets input, 0 bytes
     Received 0 broadcasts, 0 runts, 0 giants, 0 throttles
     0 input errors, 0 CRC, 0 frame, 0 overrun, 0 ignored
     0 watchdog
     0 input packets with dribble condition detected
     20 packets output, 1492 bytes, 0 underruns
     0 output errors, 0 collisions, 1 interface resets
     0 unknown protocol drops
     0 babbles, 0 late collision, 0 deferred
     0 lost carrier, 0 no carrier
     0 output buffer failures, 0 output buffers swapped out
Serial0/0/0 is administratively down, line protocol is down 
  Hardware is GT96K Serial
  MTU 1500 bytes, BW 1544 Kbit/sec, DLY 20000 usec, 
     reliability 255/255, txload 1/255, rxload 1/255
  Encapsulation HDLC, loopback not set
  Keepalive set (10 sec)
  CRC checking enabled
  Last input never, output never, output hang never
  Last clearing of "show interface" counters 00:07:54
  Input queue: 0/75/0/0 (size/max/drops/flushes); Total output drops: 0
  Queueing strategy: weighted fair
  Output queue: 0/1000/64/0 (size/max total/threshold/drops) 
     Conversations  0/0/256 (active/max active/max total)
     Reserved Conversations 0/0 (allocated/max allocated)
     Available Bandwidth 1158 kilobits/sec
  5 minute input rate 0 bits/sec, 0 packets/sec
  5 minute output rate 0 bits/sec, 0 packets/sec
     0 packets input, 0 bytes, 0 no buffer
     Received 0 broadcasts, 0 runts, 0 giants, 0 throttles
     0 input errors, 0 CRC, 0 frame, 0 overrun, 0 ignored, 0 abort
     0 packets output, 0 bytes, 0 underruns
     0 output errors, 0 collisions, 1 interface resets
     0 unknown protocol drops
     0 output buffer failures, 0 output buffers swapped out
     0 carrier transitions
     DCD=down  DSR=down  DTR=down  RTS=down  CTS=down

Serial0/0/1 is administratively down, line protocol is down 
  Hardware is GT96K Serial
  MTU 1500 bytes, BW 1544 Kbit/sec, DLY 20000 usec, 
     reliability 255/255, txload 1/255, rxload 1/255
  Encapsulation HDLC, loopback not set
  Keepalive set (10 sec)
  CRC checking enabled
  Last input never, output never, output hang never
  Last clearing of "show interface" counters never
  Input queue: 0/75/0/0 (size/max/drops/flushes); Total output drops: 0
  Queueing strategy: weighted fair
  Output queue: 0/1000/64/0 (size/max total/threshold/drops) 
     Conversations  0/0/256 (active/max active/max total)
     Reserved Conversations 0/0 (allocated/max allocated)
     Available Bandwidth 1158 kilobits/sec
  5 minute input rate 0 bits/sec, 0 packets/sec
  5 minute output rate 0 bits/sec, 0 packets/sec
     0 packets input, 0 bytes, 0 no buffer
     Received 0 broadcasts, 0 runts, 0 giants, 0 throttles
     0 input errors, 0 CRC, 0 frame, 0 overrun, 0 ignored, 0 abort
     0 packets output, 0 bytes, 0 underruns
     0 output errors, 0 collisions, 5 interface resets
     0 unknown protocol drops
     0 output buffer failures, 0 output buffers swapped out
     0 carrier transitions
     DCD=down  DSR=down  DTR=down  RTS=down  CTS=down

Router#show ip interf
Router#show ip interface br
Router#show ip interface brief 
Interface                  IP-Address      OK? Method Status                Protocol
FastEthernet0/0            10.10.7.1       YES manual up                    up      
FastEthernet0/1            10.10.5.2       YES manual up                    down    
Serial0/0/0                unassigned      YES unset  administratively down down    
Serial0/0/1                unassigned      YES unset  administratively down down    
Router#
*Nov 25 17:51:19.807: %LINEPROTO-5-UPDOWN: Line protocol on Interface FastEthernet0/1, changed state to up
Router#show ip interface brief 
Interface                  IP-Address      OK? Method Status                Protocol
FastEthernet0/0            10.10.7.1       YES manual up                    up      
FastEthernet0/1            10.10.5.2       YES manual up                    up      
Serial0/0/0                unassigned      YES unset  administratively down down    
Serial0/0/1                unassigned      YES unset  administratively down down    
Router#show ip route
Codes: C - connected, S - static, R - RIP, M - mobile, B - BGP
       D - EIGRP, EX - EIGRP external, O - OSPF, IA - OSPF inter area 
       N1 - OSPF NSSA external type 1, N2 - OSPF NSSA external type 2
       E1 - OSPF external type 1, E2 - OSPF external type 2
       i - IS-IS, su - IS-IS summary, L1 - IS-IS level-1, L2 - IS-IS level-2
       ia - IS-IS inter area, * - candidate default, U - per-user static route
       o - ODR, P - periodic downloaded static route

Gateway of last resort is not set

     10.0.0.0/24 is subnetted, 3 subnets
C       10.10.5.0 is directly connected, FastEthernet0/1
S       10.10.6.0 [1/0] via 10.10.5.1
C       10.10.7.0 is directly connected, FastEthernet0/0
Router#show ip route
Codes: C - connected, S - static, R - RIP, M - mobile, B - BGP
       D - EIGRP, EX - EIGRP external, O - OSPF, IA - OSPF inter area 
       N1 - OSPF NSSA external type 1, N2 - OSPF NSSA external type 2
       E1 - OSPF external type 1, E2 - OSPF external type 2
       i - IS-IS, su - IS-IS summary, L1 - IS-IS level-1, L2 - IS-IS level-2
       ia - IS-IS inter area, * - candidate default, U - per-user static route
       o - ODR, P - periodic downloaded static route

Gateway of last resort is not set

     10.0.0.0/24 is subnetted, 3 subnets
C       10.10.5.0 is directly connected, FastEthernet0/1
S       10.10.6.0 [1/0] via 10.10.5.1
C       10.10.7.0 is directly connected, FastEthernet0/0



Router#ping 10.10.5.1

Type escape sequence to abort.
Sending 5, 100-byte ICMP Echos to 10.10.5.1, timeout is 2 seconds:
!!!!!
Success rate is 100 percent (5/5), round-trip min/avg/max = 1/2/4 ms
Router#ping 10.10.5.1

Type escape sequence to abort.
Sending 5, 100-byte ICMP Echos to 10.10.5.1, timeout is 2 seconds:
!!!!!
Success rate is 100 percent (5/5), round-trip min/avg/max = 1/2/4 ms
Router#ping 10.10.6.1

Type escape sequence to abort.
Sending 5, 100-byte ICMP Echos to 10.10.6.1, timeout is 2 seconds:
.....
Success rate is 0 percent (0/5)
Router#ping 10.10.6.2

Type escape sequence to abort.
Sending 5, 100-byte ICMP Echos to 10.10.6.2, timeout is 2 seconds:
!!!!!
Success rate is 100 percent (5/5), round-trip min/avg/max = 1/1/4 ms
Router#ping 10.10.5.2

Type escape sequence to abort.
Sending 5, 100-byte ICMP Echos to 10.10.5.2, timeout is 2 seconds:
!!!!!
Success rate is 100 percent (5/5), round-trip min/avg/max = 1/1/4 ms
Router#
*Nov 25 17:56:16.643: %IP-4-DUPADDR: Duplicate address 10.10.7.1 on FastEthernet0/0, sourced by c08c.605d.5ce9
*Nov 25 17:56:46.767: %IP-4-DUPADDR: Duplicate address 10.10.7.1 on FastEthernet0/0, sourced by c08c.605d.5ce9
*Nov 25 17:57:16.767: %IP-4-DUPADDR: Duplicate address 10.10.7.1 on FastEthernet0/0, sourced by c08c.605d.5ce9
Router#ping 10.10.5.2

Type escape sequence to abort.
Sending 5, 100-byte ICMP Echos to 10.10.5.2, timeout is 2 seconds:
!!!!!
Success rate is 100 percent (5/5), round-trip min/avg/max = 1/1/4 ms
Router#ping 10.10.6.2

Type escape sequence to abort.
Sending 5, 100-byte ICMP Echos to 10.10.6.2, timeout is 2 seconds:
!!!!!
Success rate is 100 percent (5/5), round-trip min/avg/max = 1/1/4 ms
Router#


Router#show a
Router#show arp
Protocol  Address          Age (min)  Hardware Addr   Type   Interface
Internet  10.10.5.1               0   4c00.827e.dfe0  ARPA   FastEthernet0/1
Internet  10.10.5.2               -   0015.f9f6.e7e9  ARPA   FastEthernet0/1
Internet  10.10.5.10              0   e840.f2ac.c75a  ARPA   FastEthernet0/1
Internet  10.10.7.1               -   0015.f9f6.e7e8  ARPA   FastEthernet0/0
Internet  10.10.7.2               0   c08c.605d.5ce9  ARPA   FastEthernet0/0
Internet  10.10.7.10              0   e840.f2ac.c6c0  ARPA   FastEthernet0/0
Router#               
Router#
Router#show interf
Router#show interfaces fa
Router#show interfaces fast 0/1

